// Jest Snapshot v1, https://goo.gl/fbAQLP

exports[`ProgressBarComponent should match snapshot 1`] = `ShallowWrapper {}`;
