// Jest Snapshot v1, https://goo.gl/fbAQLP

exports[`PercentageComponent should match snapshot 1`] = `ShallowWrapper {}`;
